Component: ARM Compiler 5.06 update 5 (build 528) Tool: armlink [4d35e2]

==============================================================================

Section Cross References

    main.o(i.main) refers to _printf_percent.o(.ARM.Collect$$_printf_percent$$00000000) for _printf_percent
    main.o(i.main) refers to _printf_f.o(.ARM.Collect$$_printf_percent$$00000003) for _printf_f
    main.o(i.main) refers to _printf_s.o(.ARM.Collect$$_printf_percent$$00000014) for _printf_s
    main.o(i.main) refers to printf1.o(x$fpl$printf1) for _printf_fp_dec
    main.o(i.main) refers to _printf_str.o(.text) for _printf_str
    main.o(i.main) refers to systemclock.o(i.SysClockConfig) for SysClockConfig
    main.o(i.main) refers to timer_config.o(i.TIM6Config) for TIM6Config
    main.o(i.main) refers to uart_config.o(i.Uart2Config) for Uart2Config
    main.o(i.main) refers to adc_config.o(i.ADC_Init) for ADC_Init
    main.o(i.main) refers to adc_config.o(i.ADC_Enable) for ADC_Enable
    main.o(i.main) refers to adc_config.o(i.ADC_Start) for ADC_Start
    main.o(i.main) refers to adc_config.o(i.ADC_WaitForConv) for ADC_WaitForConv
    main.o(i.main) refers to adc_config.o(i.ADC_GetVal) for ADC_GetVal
    main.o(i.main) refers to dflt_clz.o(x$fpl$dfltu) for __aeabi_ui2d
    main.o(i.main) refers to dmul.o(x$fpl$dmul) for __aeabi_dmul
    main.o(i.main) refers to d2f.o(x$fpl$d2f) for __aeabi_d2f
    main.o(i.main) refers to ascii_config.o(i.shift_digits) for shift_digits
    main.o(i.main) refers to f2d.o(x$fpl$f2d) for __aeabi_f2d
    main.o(i.main) refers to __2sprintf.o(.text) for __2sprintf
    main.o(i.main) refers to strlen.o(.text) for strlen
    main.o(i.main) refers to uart_config.o(i.UART2_SendString) for UART2_SendString
    main.o(i.main) refers to h1_free.o(.text) for free
    main.o(i.main) refers to timer_config.o(i.Delay_ms) for Delay_ms
    timer_config.o(i.Delay_ms) refers to timer_config.o(i.Delay_us) for Delay_us
    ascii_config.o(i.shift_digits) refers to _printf_percent.o(.ARM.Collect$$_printf_percent$$00000000) for _printf_percent
    ascii_config.o(i.shift_digits) refers to _printf_d.o(.ARM.Collect$$_printf_percent$$00000009) for _printf_d
    ascii_config.o(i.shift_digits) refers to _printf_dec.o(.text) for _printf_int_dec
    ascii_config.o(i.shift_digits) refers to __2sprintf.o(.text) for __2sprintf
    ascii_config.o(i.shift_digits) refers to strlen.o(.text) for strlen
    ascii_config.o(i.shift_digits) refers to h1_alloc.o(.text) for malloc
    ascii_config.o(i.shift_digits) refers to perror.o(.text) for perror
    ascii_config.o(i.shift_digits) refers to exit.o(.text) for exit
    uart_config.o(i.UART2_SendString) refers to uart_config.o(i.UART2_SendChar) for UART2_SendChar
    startup_stm32f407xx.o(STACK) refers (Special) to heapauxi.o(.text) for __use_two_region_memory
    startup_stm32f407xx.o(HEAP) refers (Special) to heapauxi.o(.text) for __use_two_region_memory
    startup_stm32f407xx.o(RESET) refers (Special) to heapauxi.o(.text) for __use_two_region_memory
    startup_stm32f407xx.o(RESET) refers to startup_stm32f407xx.o(STACK) for __initial_sp
    startup_stm32f407xx.o(RESET) refers to startup_stm32f407xx.o(.text) for Reset_Handler
    startup_stm32f407xx.o(.text) refers (Special) to heapauxi.o(.text) for __use_two_region_memory
    startup_stm32f407xx.o(.text) refers to system_stm32f4xx.o(i.SystemInit) for SystemInit
    startup_stm32f407xx.o(.text) refers to __main.o(!!!main) for __main
    startup_stm32f407xx.o(.text) refers to startup_stm32f407xx.o(HEAP) for Heap_Mem
    startup_stm32f407xx.o(.text) refers to startup_stm32f407xx.o(STACK) for Stack_Mem
    system_stm32f4xx.o(i.SystemCoreClockUpdate) refers to system_stm32f4xx.o(.data) for SystemCoreClock
    system_stm32f4xx.o(i.SystemCoreClockUpdate) refers to system_stm32f4xx.o(.constdata) for AHBPrescTable
    malloc.o(.text) refers (Special) to hguard.o(.text) for __heap$guard
    malloc.o(.text) refers (Special) to init_alloc.o(.text) for _init_alloc
    malloc.o(.text) refers to rt_heap_descriptor_intlibspace.o(.text) for __rt_heap_descriptor
    malloc.o(.text) refers to heapstubs.o(.text) for __Heap_Alloc
    free.o(.text) refers (Special) to hguard.o(.text) for __heap$guard
    free.o(.text) refers to rt_heap_descriptor_intlibspace.o(.text) for __rt_heap_descriptor
    free.o(.text) refers to heapstubs.o(.text) for __Heap_Free
    h1_alloc.o(.text) refers (Special) to h1_init.o(.text) for __Heap_Initialize
    h1_alloc.o(.text) refers to rt_heap_descriptor_intlibspace.o(.text) for __rt_heap_descriptor
    h1_alloc.o(.text) refers to init_alloc.o(.text) for __Heap_Full
    h1_free.o(.text) refers to rt_heap_descriptor_intlibspace.o(.text) for __rt_heap_descriptor
    h1_alloc_mt.o(.text) refers (Special) to h1_init.o(.text) for __Heap_Initialize
    h1_alloc_mt.o(.text) refers to init_alloc.o(.text) for __Heap_Full
[...]
    .ARM.Collect$$libshutdown$$0000000C      0x080002c2   Section        0  libshutdown2.o(.ARM.Collect$$libshutdown$$0000000C)
    .ARM.Collect$$libshutdown$$0000000F      0x080002c2   Section        0  libshutdown2.o(.ARM.Collect$$libshutdown$$0000000F)
    .ARM.Collect$$libshutdown$$00000010      0x080002c2   Section        2  libshutdown2.o(.ARM.Collect$$libshutdown$$00000010)
    .ARM.Collect$$rtentry$$00000000          0x080002c4   Section        0  __rtentry.o(.ARM.Collect$$rtentry$$00000000)
    .ARM.Collect$$rtentry$$00000002          0x080002c4   Section        0  __rtentry2.o(.ARM.Collect$$rtentry$$00000002)
    .ARM.Collect$$rtentry$$00000004          0x080002c4   Section        6  __rtentry4.o(.ARM.Collect$$rtentry$$00000004)
    .ARM.Collect$$rtentry$$00000009          0x080002ca   Section        0  __rtentry2.o(.ARM.Collect$$rtentry$$00000009)
    .ARM.Collect$$rtentry$$0000000A          0x080002ca   Section        4  __rtentry2.o(.ARM.Collect$$rtentry$$0000000A)
    .ARM.Collect$$rtentry$$0000000C          0x080002ce   Section        0  __rtentry2.o(.ARM.Collect$$rtentry$$0000000C)
    .ARM.Collect$$rtentry$$0000000D          0x080002ce   Section        8  __rtentry2.o(.ARM.Collect$$rtentry$$0000000D)
    .ARM.Collect$$rtexit$$00000000           0x080002d6   Section        2  rtexit.o(.ARM.Collect$$rtexit$$00000000)
    .ARM.Collect$$rtexit$$00000002           0x080002d8   Section        0  rtexit2.o(.ARM.Collect$$rtexit$$00000002)
    .ARM.Collect$$rtexit$$00000003           0x080002d8   Section        4  rtexit2.o(.ARM.Collect$$rtexit$$00000003)
    .ARM.Collect$$rtexit$$00000004           0x080002dc   Section        6  rtexit2.o(.ARM.Collect$$rtexit$$00000004)
    .emb_text                                0x080002e4   Section        0  maybetermalloc1.o(.emb_text)
    .text                                    0x080002e4   Section       64  startup_stm32f407xx.o(.text)
    $v0                                      0x080002e4   Number         0  startup_stm32f407xx.o(.text)
    .text                                    0x08000324   Section        0  h1_alloc.o(.text)
    .text                                    0x08000382   Section        0  h1_free.o(.text)
    .text                                    0x080003d0   Section        0  __2sprintf.o(.text)
    .text                                    0x080003fc   Section        0  _printf_str.o(.text)
    .text                                    0x08000450   Section        0  _printf_dec.o(.text)
    .text                                    0x080004c8   Section        0  __printf_flags_ss_wp.o(.text)
    .text                                    0x08000650   Section        0  perror.o(.text)
    .text                                    0x0800068c   Section        0  exit.o(.text)
    .text                                    0x0800069e   Section        0  strlen.o(.text)
    .text                                    0x080006dc   Section        0  heapauxi.o(.text)
    .text                                    0x080006e4   Section        8  rt_heap_descriptor_intlibspace.o(.text)
    .text                                    0x080006ec   Section        8  rt_errno_addr_intlibspace.o(.text)
    .text                                    0x080006f4   Section        0  hguard.o(.text)
    .text                                    0x080006f8   Section        0  init_alloc.o(.text)
    .text                                    0x08000782   Section        0  h1_init.o(.text)
    .text                                    0x08000790   Section        0  fprintf.o(.text)
    .text                                    0x080007a4   Section        0  _printf_intcommon.o(.text)
    .text                                    0x08000856   Section        0  _printf_fp_dec.o(.text)
    _fp_digits                               0x08000859   Thumb Code   432  _printf_fp_dec.o(.text)
    .text                                    0x08000c74   Section        0  _printf_char_common.o(.text)
    _printf_input_char                       0x08000c75   Thumb Code    10  _printf_char_common.o(.text)
    .text                                    0x08000ca4   Section        0  _sputc.o(.text)
    .text                                    0x08000cae   Section        0  _printf_char.o(.text)
    .text                                    0x08000cdc   Section        0  strerror.o(.text)
    .text                                    0x08000de4   Section        8  libspace.o(.text)
    .text                                    0x08000dec   Section        8  rt_locale_intlibspace.o(.text)
    .text                                    0x08000df4   Section        0  h1_extend.o(.text)
    .text                                    0x08000e28   Section      138  lludiv10.o(.text)
    .text                                    0x08000eb2   Section        0  _printf_pad.o(.text)
    .text                                    0x08000f00   Section        0  _printf_truncate.o(.text)
    .text                                    0x08000f24   Section        0  _printf_charcount.o(.text)
    .text                                    0x08000f4c   Section        0  _printf_fp_infnan.o(.text)
    .text                                    0x08000fcc   Section        0  _printf_char_file.o(.text)
    .text                                    0x08000ff0   Section        0  _printf_wctomb.o(.text)
    .text                                    0x080010ac   Section        0  _printf_longlong_dec.o(.text)
    .text                                    0x08001128   Section        0  _printf_oct_int_ll.o(.text)
    _printf_longlong_oct_internal            0x08001129   Thumb Code     0  _printf_oct_int_ll.o(.text)
    .text                                    0x08001198   Section        0  _printf_hex_int_ll_ptr.o(.text)
    _printf_hex_common                       0x08001199   Thumb Code     0  _printf_hex_int_ll_ptr.o(.text)
    .text                                    0x0800122c   Section        0  bigflt0.o(.text)
    .text                                    0x08001310   Section        0  initio.o(.text)
    .text                                    0x08001448   Section        0  defsig_rtmem_outer.o(.text)
    .text                                    0x08001456   Section        0  sys_io.o(.text)
    .text                                    0x080014bc   Section        0  sys_exit.o(.text)
    .text                                    0x080014c8   Section        2  use_no_semi.o(.text)
    .text                                    0x080014ca   Section        0  indicate_semi.o(.text)
    .text                                    0x080014ca   Section       74  sys_stackheap_outer.o(.text)
    .text                                    0x08001514   Section        0  _printf_fp_hex.o(.text)
    .text                                    0x08001810   Section        0  _printf_wchar.o(.text)
    .text                                    0x0800183c   Section        0  ferror.o(.text)
    .text                                    0x08001844   Section        0  setvbuf.o(.text)
    .text                                    0x0800188c   Section        0  fopen.o(.text)
    _freopen_locked                          0x0800188d   Thumb Code     0  fopen.o(.text)
    .text                                    0x08001978   Section        0  fclose.o(.text)
    .text                                    0x080019c4   Section        0  _wcrtomb.o(.text)
    .text                                    0x08001a04   Section        0  defsig_exit.o(.text)
    .text                                    0x08001a0e   Section        0  defsig_rtred_outer.o(.text)
    .text                                    0x08001a1c   Section        0  defsig_rtmem_inner.o(.text)
    .text                                    0x08001a6c   Section       78  rt_memclr_w.o(.text)
    .text                                    0x08001abc   Section      128  strcmpv7m.o(.text)
    .text                                    0x08001b3c   Section       16  rt_ctype_table.o(.text)
    .text                                    0x08001b4c   Section        0  flsbuf.o(.text)
    .text                                    0x08001d24   Section        0  fseek.o(.text)
    .text                                    0x08001e1c   Section        0  stdio.o(.text)
    .text                                    0x08001f0c   Section        0  defsig_general.o(.text)
    .text                                    0x08001f40   Section        0  defsig_rtred_inner.o(.text)
    .text                                    0x08001f74   Section        0  sys_wrch.o(.text)
    .text                                    0x08001f82   Section        0  ftell.o(.text)
    CL$$btod_d2e                             0x08001fc4   Section       62  btod.o(CL$$btod_d2e)
    CL$$btod_d2e_denorm_low                  0x08002002   Section       70  btod.o(CL$$btod_d2e_denorm_low)
    CL$$btod_d2e_norm_op1                    0x08002048   Section       96  btod.o(CL$$btod_d2e_norm_op1)
    CL$$btod_div_common                      0x080020a8   Section      824  btod.o(CL$$btod_div_common)
    CL$$btod_e2e                             0x080023e0   Section      220  btod.o(CL$$btod_e2e)
    CL$$btod_ediv                            0x080024bc   Section       42  btod.o(CL$$btod_ediv)
    CL$$btod_emul                            0x080024e6   Section       42  btod.o(CL$$btod_emul)
    CL$$btod_mult_common                     0x08002510   Section      580  btod.o(CL$$btod_mult_common)
    i.ADC_Enable                             0x08002754   Section        0  adc_config.o(i.ADC_Enable)
    i.ADC_GetVal                             0x08002774   Section        0  adc_config.o(i.ADC_GetVal)
    i.ADC_Init                               0x08002780   Section        0  adc_config.o(i.ADC_Init)
    i.ADC_Start                              0x08002818   Section        0  adc_config.o(i.ADC_Start)
    i.ADC_WaitForConv                        0x0800283c   Section        0  adc_config.o(i.ADC_WaitForConv)
    i.Delay_ms                               0x08002850   Section        0  timer_config.o(i.Delay_ms)
    i.Delay_us                               0x0800286c   Section        0  timer_config.o(i.Delay_us)
    i.SysClockConfig                         0x08002884   Section        0  systemclock.o(i.SysClockConfig)
    i.SystemInit                             0x08002934   Section        0  system_stm32f4xx.o(i.SystemInit)
    i.TIM6Config                             0x08002998   Section        0  timer_config.o(i.TIM6Config)
    i.UART2_SendChar                         0x080029d4   Section        0  uart_config.o(i.UART2_SendChar)
    i.UART2_SendString                       0x080029f0   Section        0  uart_config.o(i.UART2_SendString)
    i.Uart2Config                            0x08002a10   Section        0  uart_config.o(i.Uart2Config)
    i.__ARM_fpclassify                       0x08002aa8   Section        0  fpclassify.o(i.__ARM_fpclassify)
    i._is_digit                              0x08002ad8   Section        0  __printf_wp.o(i._is_digit)
    i.fputc                                  0x08002ae6   Section        0  fputc.o(i.fputc)
    i.main                                   0x08002b00   Section        0  main.o(i.main)
    i.shift_digits                           0x08002bc4   Section        0  ascii_config.o(i.shift_digits)
    locale$$code                             0x08002c54   Section       44  lc_numeric_c.o(locale$$code)
    locale$$code                             0x08002c80   Section       44  lc_ctype_c.o(locale$$code)
    x$fpl$d2f                                0x08002cac   Section       98  d2f.o(x$fpl$d2f)
    $v0                                      0x08002cac   Number         0  d2f.o(x$fpl$d2f)
    x$fpl$dfltu                              0x08002d0e   Section       38  dflt_clz.o(x$fpl$dfltu)
    $v0                                      0x08002d0e   Number         0  dflt_clz.o(x$fpl$dfltu)
    x$fpl$dmul                               0x08002d34   Section      340  dmul.o(x$fpl$dmul)
    $v0                                      0x08002d34   Number         0  dmul.o(x$fpl$dmul)
    x$fpl$dnaninf                            0x08002e88   Section      156  dnaninf.o(x$fpl$dnaninf)
    $v0                                      0x08002e88   Number         0  dnaninf.o(x$fpl$dnaninf)
    x$fpl$dretinf                            0x08002f24   Section       12  dretinf.o(x$fpl$dretinf)
    $v0                                      0x08002f24   Number         0  dretinf.o(x$fpl$dretinf)
    x$fpl$f2d                                0x08002f30   Section       86  f2d.o(x$fpl$f2d)
    $v0                                      0x08002f30   Number         0  f2d.o(x$fpl$f2d)
    x$fpl$fnaninf                            0x08002f86   Section      140  fnaninf.o(x$fpl$fnaninf)
    $v0                                      0x08002f86   Number         0  fnaninf.o(x$fpl$fnaninf)
    x$fpl$fpinit                             0x08003012   Section       10  fpinit.o(x$fpl$fpinit)
    $v0                                      0x08003012   Number         0  fpinit.o(x$fpl$fpinit)
    x$fpl$fretinf                            0x0800301c   Section       10  fretinf.o(x$fpl$fretinf)
    $v0                                      0x0800301c   Number         0  fretinf.o(x$fpl$fretinf)
    x$fpl$printf1                            0x08003026   Section        4  printf1.o(x$fpl$printf1)
    $v0                                      0x08003026   Number         0  printf1.o(x$fpl$printf1)
    x$fpl$printf2                            0x0800302a   Section        4  printf2.o(x$fpl$printf2)
    $v0                                      0x0800302a   Number         0  printf2.o(x$fpl$printf2)
    .constdata                               0x0800302e   Section       17  __printf_flags_ss_wp.o(.constdata)
    x$fpl$usenofp                            0x0800302e   Section        0  usenofp.o(x$fpl$usenofp)
    maptable                                 0x0800302e   Data          17  __printf_flags_ss_wp.o(.constdata)
    .constdata                               0x08003040   Section        8  _printf_wctomb.o(.constdata)
    initial_mbstate                          0x08003040   Data           8  _printf_wctomb.o(.constdata)
    .constdata                               0x08003048   Section       40  _printf_hex_int_ll_ptr.o(.constdata)
    uc_hextab                                0x08003048   Data          20  _printf_hex_int_ll_ptr.o(.constdata)
    lc_hextab                                0x0800305c   Data          20  _printf_hex_int_ll_ptr.o(.constdata)
    .constdata                               0x08003070   Section      148  bigflt0.o(.constdata)
    tenpwrs_x                                0x08003070   Data          60  bigflt0.o(.constdata)
    tenpwrs_i                                0x080030ac   Data          64  bigflt0.o(.constdata)
    .constdata                               0x08003104   Section        4  sys_io.o(.constdata)
    .constdata                               0x08003108   Section        4  sys_io.o(.constdata)
    .constdata                               0x0800310c   Section        4  sys_io.o(.constdata)
    .constdata                               0x08003110   Section       38  _printf_fp_hex.o(.constdata)
    lc_hextab                                0x08003110   Data          19  _printf_fp_hex.o(.constdata)
    uc_hextab                                0x08003123   Data          19  _printf_fp_hex.o(.constdata)
    locale$$data                             0x08003158   Section       28  lc_numeric_c.o(locale$$data)
    __lcnum_c_name                           0x0800315c   Data           2  lc_numeric_c.o(locale$$data)
    __lcnum_c_start                          0x08003164   Data           0  lc_numeric_c.o(locale$$data)
    __lcnum_c_point                          0x08003170   Data           0  lc_numeric_c.o(locale$$data)
    __lcnum_c_thousands                      0x08003172   Data           0  lc_numeric_c.o(locale$$data)
    __lcnum_c_grouping                       0x08003173   Data           0  lc_numeric_c.o(locale$$data)
    locale$$data                             0x08003174   Section      272  lc_ctype_c.o(locale$$data)
    __lcnum_c_end                            0x08003174   Data           0  lc_numeric_c.o(locale$$data)
    __lcctype_c_name                         0x08003178   Data           2  lc_ctype_c.o(locale$$data)
    __lcctype_c_start                        0x08003180   Data           0  lc_ctype_c.o(locale$$data)
    __lcctype_c_end                          0x08003284   Data           0  lc_ctype_c.o(locale$$data)
    .data                                    0x20000000   Section        4  stdio_streams.o(.data)
    .data                                    0x20000004   Section        4  stdio_streams.o(.data)
    .data                                    0x20000008   Section        4  stdio_streams.o(.data)
    .bss                                     0x2000000c   Section       84  stdio_streams.o(.bss)
    .bss                                     0x20000060   Section       84  stdio_streams.o(.bss)
    .bss                                     0x200000b4   Section       84  stdio_streams.o(.bss)
    .bss                                     0x20000108   Section       96  libspace.o(.bss)
    HEAP                                     0x20000168   Section      512  startup_stm32f407xx.o(HEAP)
    Heap_Mem                                 0x20000168   Data         512  startup_stm32f407xx.o(HEAP)
    STACK                                    0x20000368   Section     1024  startup_stm32f407xx.o(STACK)
    Stack_Mem                                0x20000368   Data        1024  startup_stm32f407xx.o(STACK)
    __initial_sp                             0x20000768   Data           0  startup_stm32f407xx.o(STACK)

    Global Symbols

    Symbol Name                              Value     Ov Type        Size  Object(Section)

    BuildAttributes$$THM_ISAv4$E$P$D$K$B$S$7EM$VFPi3$EXTD16$VFPS$VFMA$PE$A:L22UL41UL21$X:L11$S22US41US21$IEEE1$IW$USESV6$~STKCKD$USESV7$~SHL$OTIME$ROPI$IEEEJ$EBA8$UX$STANDARDLIB$REQ8$PRES8$EABIv2 0x00000000   Number         0  anon$$obj.o ABSOLUTE
    __ARM_use_no_argv                        0x00000000   Number         0  main.o ABSOLUTE
    _printf_flags                            0x00000000   Number         0  printf_stubs.o ABSOLUTE
    _printf_return_value                     0x00000000   Number         0  printf_stubs.o ABSOLUTE
    _printf_sizespec                         0x00000000   Number         0  printf_stubs.o ABSOLUTE
    _printf_widthprec                        0x00000000   Number         0  printf_stubs.o ABSOLUTE
    __ARM_exceptions_init                     - Undefined Weak Reference
    __alloca_initialize                       - Undefined Weak Reference
    __arm_preinit_                            - Undefined Weak Reference
    __cpp_initialize__aeabi_                  - Undefined Weak Reference
    __cxa_finalize                            - Undefined Weak Reference
    __sigvec_lookup                           - Undefined Weak Reference
    __user_heap_extent                        - Undefined Weak Reference
    _atexit_init                              - Undefined Weak Reference
    _call_atexit_fns                          - Undefined Weak Reference
    _clock_init                               - Undefined Weak Reference
    _fp_trap_init                             - Undefined Weak Reference
    _fp_trap_shutdown                         - Undefined Weak Reference
    _get_lc_collate                           - Undefined Weak Reference
    _get_lc_monetary                          - Undefined Weak Reference
    _get_lc_time                              - Undefined Weak Reference
    _getenv_init                              - Undefined Weak Reference
    _handle_redirection                       - Undefined Weak Reference
    _mutex_acquire                            - Undefined Weak Reference
    _mutex_free                               - Undefined Weak Reference
    _mutex_release                            - Undefined Weak Reference
    _printf_mbtowc                            - Undefined Weak Reference
    _printf_wc                                - Undefined Weak Reference
    _rand_init                                - Undefined Weak Reference
    _signal_finish                            - Undefined Weak Reference
    _signal_init                              - Undefined Weak Reference
    __Vectors_Size                           0x00000188   Number         0  startup_stm32f407xx.o ABSOLUTE
    __Vectors                                0x08000000   Data           4  startup_stm32f407xx.o(RESET)
    __Vectors_End                            0x08000188   Data           0  startup_stm32f407xx.o(RESET)
    __main                                   0x08000189   Thumb Code     8  __main.o(!!!main)
    __scatterload                            0x08000191   Thumb Code     0  __scatter.o(!!!scatter)
    __scatterload_rt2                        0x08000191   Thumb Code    44  __scatter.o(!!!scatter)
    __scatterload_rt2_thumb_only             0x08000191   Thumb Code     0  __scatter.o(!!!scatter)
    __scatterload_null                       0x0800019f   Thumb Code     0  __scatter.o(!!!scatter)
    __scatterload_copy                       0x080001c5   Thumb Code    26  __scatter_copy.o(!!handler_copy)
    __scatterload_zeroinit                   0x080001e1   Thumb Code    28  __scatter_zi.o(!!handler_zi)
    _printf_n                                0x080001fd   Thumb Code     0  _printf_n.o(.ARM.Collect$$_printf_percent$$00000001)
    _printf_percent                          0x080001fd   Thumb Code     0  _printf_percent.o(.ARM.Collect$$_printf_percent$$00000000)
    _printf_p                                0x08000203   Thumb Code     0  _printf_p.o(.ARM.Collect$$_printf_percent$$00000002)
    _printf_f                                0x08000209   Thumb Code     0  _printf_f.o(.ARM.Collect$$_printf_percent$$00000003)
    _printf_e                                0x0800020f   Thumb Code     0  _printf_e.o(.ARM.Collect$$_printf_percent$$00000004)
    _printf_g                                0x08000215   Thumb Code     0  _printf_g.o(.ARM.Collect$$_printf_percent$$00000005)
    _printf_a                                0x0800021b   Thumb Code     0  _printf_a.o(.ARM.Collect$$_printf_percent$$00000006)
    _printf_ll                               0x08000221   Thumb Code     0  _printf_ll.o(.ARM.Collect$$_printf_percent$$00000007)
    _printf_i                                0x0800022b   Thumb Code     0  _printf_i.o(.ARM.Collect$$_printf_percent$$00000008)
    _printf_d                                0x08000231   Thumb Code     0  _printf_d.o(.ARM.Collect$$_printf_percent$$00000009)
    _printf_u                                0x08000237   Thumb Code     0  _printf_u.o(.ARM.Collect$$_printf_percent$$0000000A)
    _printf_o                                0x0800023d   Thumb Code     0  _printf_o.o(.ARM.Collect$$_printf_percent$$0000000B)
    _printf_x                                0x08000243   Thumb Code     0  _printf_x.o(.ARM.Collect$$_printf_percent$$0000000C)
    _printf_lli                              0x08000249   Thumb Code     0  _printf_lli.o(.ARM.Collect$$_printf_percent$$0000000D)
    _printf_lld                              0x0800024f   Thumb Code     0  _printf_lld.o(.ARM.Collect$$_printf_percent$$0000000E)
    _printf_llu                              0x08000255   Thumb Code     0  _printf_llu.o(.ARM.Collect$$_printf_percent$$0000000F)
    _printf_llo                              0x0800025b   Thumb Code     0  _printf_llo.o(.ARM.Collect$$_printf_percent$$00000010)
    _printf_llx                              0x08000261   Thumb Code     0  _printf_llx.o(.ARM.Collect$$_printf_percent$$00000011)
    _printf_l                                0x08000267   Thumb Code     0  _printf_l.o(.ARM.Collect$$_printf_percent$$00000012)
    _printf_c                                0x08000271   Thumb Code     0  _printf_c.o(.ARM.Collect$$_printf_percent$$00000013)
    _printf_s                                0x08000277   Thumb Code     0  _printf_s.o(.ARM.Collect$$_printf_percent$$00000014)
    _printf_lc                               0x0800027d   Thumb Code     0  _printf_lc.o(.ARM.Collect$$_printf_percent$$00000015)
    _printf_ls                               0x08000283   Thumb Code     0  _printf_ls.o(.ARM.Collect$$_printf_percent$$00000016)
    _printf_percent_end                      0x08000289   Thumb Code     0  _printf_percent_end.o(.ARM.Collect$$_printf_percent$$00000017)
    __rt_lib_init                            0x0800028d   Thumb Code     0  libinit.o(.ARM.Collect$$libinit$$00000000)
    __rt_lib_init_fp_1                       0x0800028f   Thumb Code     0  libinit2.o(.ARM.Collect$$libinit$$00000001)
    __rt_lib_init_heap_2                     0x08000293   Thumb Code     0  libinit2.o(.ARM.Collect$$libinit$$00000005)
    __rt_lib_init_preinit_1                  0x08000293   Thumb Code     0  libinit2.o(.ARM.Collect$$libinit$$00000004)
    __rt_lib_init_heap_1                     0x0800029b   Thumb Code     0  libinit2.o(.ARM.Collect$$libinit$$0000000A)
    __rt_lib_init_lc_common                  0x0800029b   Thumb Code     0  libinit2.o(.ARM.Collect$$libinit$$0000000F)
    __rt_lib_init_rand_1                     0x0800029b   Thumb Code     0  libinit2.o(.ARM.Collect$$libinit$$0000000E)
    __rt_lib_init_user_alloc_1               0x0800029b   Thumb Code     0  libinit2.o(.ARM.Collect$$libinit$$0000000C)
    __rt_lib_init_lc_collate_1               0x080002a1   Thumb Code     0  libinit2.o(.ARM.Collect$$libinit$$00000011)
    __rt_lib_init_lc_ctype_2                 0x080002a1   Thumb Code     0  libinit2.o(.ARM.Collect$$libinit$$00000012)
    __rt_lib_init_lc_ctype_1                 0x080002ad   Thumb Code     0  libinit2.o(.ARM.Collect$$libinit$$00000013)
    __rt_lib_init_lc_monetary_1              0x080002ad   Thumb Code     0  libinit2.o(.ARM.Collect$$libinit$$00000015)
    __rt_lib_init_lc_numeric_2               0x080002ad   Thumb Code     0  libinit2.o(.ARM.Collect$$libinit$$00000016)
    __rt_lib_init_atexit_1                   0x080002b7   Thumb Code     0  libinit2.o(.ARM.Collect$$libinit$$0000001B)
    __rt_lib_init_clock_1                    0x080002b7   Thumb Code     0  libinit2.o(.ARM.Collect$$libinit$$00000021)
    __rt_lib_init_fp_trap_1                  0x080002b7   Thumb Code     0  libinit2.o(.ARM.Collect$$libinit$$0000001F)
    __rt_lib_init_getenv_1                   0x080002b7   Thumb Code     0  libinit2.o(.ARM.Collect$$libinit$$00000023)
    __rt_lib_init_lc_numeric_1               0x080002b7   Thumb Code     0  libinit2.o(.ARM.Collect$$libinit$$00000017)
    __rt_lib_init_lc_time_1                  0x080002b7   Thumb Code     0  libinit2.o(.ARM.Collect$$libinit$$00000019)
    __rt_lib_init_signal_1                   0x080002b7   Thumb Code     0  libinit2.o(.ARM.Collect$$libinit$$0000001D)
    __rt_lib_init_stdio_2                    0x080002b7   Thumb Code     0  libinit2.o(.ARM.Collect$$libinit$$00000024)
    __rt_lib_init_alloca_1                   0x080002bb   Thumb Code     0  libinit2.o(.ARM.Collect$$libinit$$0000002E)
    __rt_lib_init_argv_1                     0x080002bb   Thumb Code     0  libinit2.o(.ARM.Collect$$libinit$$0000002C)
    __rt_lib_init_cpp_1                      0x080002bb   Thumb Code     0  libinit2.o(.ARM.Collect$$libinit$$00000032)
    __rt_lib_init_exceptions_1               0x080002bb   Thumb Code     0  libinit2.o(.ARM.Collect$$libinit$$00000030)
    __rt_lib_init_return                     0x080002bb   Thumb Code     0  libinit2.o(.ARM.Collect$$libinit$$00000033)
    __rt_lib_init_stdio_1                    0x080002bb   Thumb Code     0  libinit2.o(.ARM.Collect$$libinit$$00000025)
    __rt_lib_shutdown                        0x080002bd   Thumb Code     0  libshutdown.o(.ARM.Collect$$libshutdown$$00000000)
    __rt_lib_shutdown_cpp_1                  0x080002bf   Thumb Code     0  libshutdown2.o(.ARM.Collect$$libshutdown$$00000002)
    __rt_lib_shutdown_stdio_2                0x080002bf   Thumb Code     0  libshutdown2.o(.ARM.Collect$$libshutdown$$00000003)
    __rt_lib_shutdown_fp_trap_1              0x080002c3   Thumb Code     0  libshutdown2.o(.ARM.Collect$$libshutdown$$00000007)
    __rt_lib_shutdown_heap_1                 0x080002c3   Thumb Code     0  libshutdown2.o(.ARM.Collect$$libshutdown$$0000000F)
    __rt_lib_shutdown_return                 0x080002c3   Thumb Code     0  libshutdown2.o(.ARM.Collect$$libshutdown$$00000010)
    __rt_lib_shutdown_signal_1               0x080002c3   Thumb Code     0  libshutdown2.o(.ARM.Collect$$libshutdown$$0000000A)
    __rt_lib_shutdown_stdio_1                0x080002c3   Thumb Code     0  libshutdown2.o(.ARM.Collect$$libshutdown$$00000004)
    __rt_lib_shutdown_user_alloc_1           0x080002c3   Thumb Code     0  libshutdown2.o(.ARM.Collect$$libshutdown$$0000000C)
    __rt_entry                               0x080002c5   Thumb Code     0  __rtentry.o(.ARM.Collect$$rtentry$$00000000)
    __rt_entry_presh_1                       0x080002c5   Thumb Code     0  __rtentry2.o(.ARM.Collect$$rtentry$$00000002)
    __rt_entry_sh                            0x080002c5   Thumb Code     0  __rtentry4.o(.ARM.Collect$$rtentry$$00000004)
    __rt_entry_li                            0x080002cb   Thumb Code     0  __rtentry2.o(.ARM.Collect$$rtentry$$0000000A)
    __rt_entry_postsh_1                      0x080002cb   Thumb Code     0  __rtentry2.o(.ARM.Collect$$rtentry$$00000009)
    __rt_entry_main                          0x080002cf   Thumb Code     0  __rtentry2.o(.ARM.Collect$$rtentry$$0000000D)
    __rt_entry_postli_1                      0x080002cf   Thumb Code     0  __rtentry2.o(.ARM.Collect$$rtentry$$0000000C)
    __rt_exit                                0x080002d7   Thumb Code     0  rtexit.o(.ARM.Collect$$rtexit$$00000000)
    __rt_exit_ls                             0x080002d9   Thumb Code     0  rtexit2.o(.ARM.Collect$$rtexit$$00000003)
    __rt_exit_prels_1                        0x080002d9   Thumb Code     0  rtexit2.o(.ARM.Collect$$rtexit$$00000002)
    __rt_exit_exit                           0x080002dd   Thumb Code     0  rtexit2.o(.ARM.Collect$$rtexit$$00000004)
    Reset_Handler                            0x080002e5   Thumb Code     8  startup_stm32f407xx.o(.text)
    _maybe_terminate_alloc                   0x080002e5   Thumb Code     0  maybetermalloc1.o(.emb_text)
    NMI_Handler                              0x080002ed   Thumb Code     2  startup_stm32f407xx.o(.text)
    HardFault_Handler                        0x080002ef   Thumb Code     2  startup_stm32f407xx.o(.text)
    MemManage_Handler                        0x080002f1   Thumb Code     2  startup_stm32f407xx.o(.text)
    BusFault_Handler                         0x080002f3   Thumb Code     2  startup_stm32f407xx.o(.text)
    UsageFault_Handler                       0x080002f5   Thumb Code     2  startup_stm32f407xx.o(.text)
    SVC_Handler                              0x080002f7   Thumb Code     2  startup_stm32f407xx.o(.text)
    DebugMon_Handler                         0x080002f9   Thumb Code     2  startup_stm32f407xx.o(.text)
    PendSV_Handler                           0x080002fb   Thumb Code     2  startup_stm32f407xx.o(.text)
    SysTick_Handler                          0x080002fd   Thumb Code     2  startup_stm32f407xx.o(.text)
    ADC_IRQHandler                           0x080002ff   Thumb Code     0  startup_stm32f407xx.o(.text)
    CAN1_RX0_IRQHandler                      0x080002ff   Thumb Code     0  startup_stm32f407xx.o(.text)
    CAN1_RX1_IRQHandler                      0x080002ff   Thumb Code     0  startup_stm32f407xx.o(.text)
    CAN1_SCE_IRQHandler                      0x080002ff   Thumb Code     0  startup_stm32f407xx.o(.text)
    CAN1_TX_IRQHandler                       0x080002ff   Thumb Code     0  startup_stm32f407xx.o(.text)
    CAN2_RX0_IRQHandler                      0x080002ff   Thumb Code     0  startup_stm32f407xx.o(.text)
    CAN2_RX1_IRQHandler                      0x080002ff   Thumb Code     0  startup_stm32f407xx.o(.text)
    CAN2_SCE_IRQHandler                      0x080002ff   Thumb Code     0  startup_stm32f407xx.o(.text)
    CAN2_TX_IRQHandler                       0x080002ff   Thumb Code     0  startup_stm32f407xx.o(.text)
    DCMI_IRQHandler                          0x080002ff   Thumb Code     0  startup_stm32f407xx.o(.text)
    DMA1_Stream0_IRQHandler                  0x080002ff   Thumb Code     0  startup_stm32f407xx.o(.text)
    DMA1_Stream1_IRQHandler                  0x080002ff   Thumb Code     0  startup_stm32f407xx.o(.text)
    DMA1_Stream2_IRQHandler                  0x080002ff   Thumb Code     0  startup_stm32f407xx.o(.text)
    DMA1_Stream3_IRQHandler                  0x080002ff   Thumb Code     0  startup_stm32f407xx.o(.text)
    DMA1_Stream4_IRQHandler                  0x080002ff   Thumb Code     0  startup_stm32f407xx.o(.text)
    DMA1_Stream5_IRQHandler                  0x080002ff   Thumb Code     0  startup_stm32f407xx.o(.text)
    DMA1_Stream6_IRQHandler                  0x080002ff   Thumb Code     0  startup_stm32f407xx.o(.text)
    DMA1_Stream7_IRQHandler                  0x080002ff   Thumb Code     0  startup_stm32f407xx.o(.text)
    DMA2_Stream0_IRQHandler                  0x080002ff   Thumb Code     0  startup_stm32f407xx.o(.text)
    DMA2_Stream1_IRQHandler                  0x080002ff   Thumb Code     0  startup_stm32f407xx.o(.text)
    DMA2_Stream2_IRQHandler                  0x080002ff   Thumb Code     0  startup_stm32f407xx.o(.text)
    DMA2_Stream3_IRQHandler                  0x080002ff   Thumb Code     0  startup_stm32f407xx.o(.text)
    DMA2_Stream4_IRQHandler                  0x080002ff   Thumb Code     0  startup_stm32f407xx.o(.text)
    DMA2_Stream5_IRQHandler                  0x080002ff   Thumb Code     0  startup_stm32f407xx.o(.text)
    DMA2_Stream6_IRQHandler                  0x080002ff   Thumb Code     0  startup_stm32f407xx.o(.text)
    DMA2_Stream7_IRQHandler                  0x080002ff   Thumb Code     0  startup_stm32f407xx.o(.text)
    ETH_IRQHandler                           0x080002ff   Thumb Code     0  startup_stm32f407xx.o(.text)
    ETH_WKUP_IRQHandler                      0x080002ff   Thumb Code     0  startup_stm32f407xx.o(.text)
    EXTI0_IRQHandler                         0x080002ff   Thumb Code     0  startup_stm32f407xx.o(.text)
    EXTI15_10_IRQHandler                     0x080002ff   Thumb Code     0  startup_stm32f407xx.o(.text)
    EXTI1_IRQHandler                         0x080002ff   Thumb Code     0  startup_stm32f407xx.o(.text)
    EXTI2_IRQHandler                         0x080002ff   Thumb Code     0  startup_stm32f407xx.o(.text)
    EXTI3_IRQHandler                         0x080002ff   Thumb Code     0  startup_stm32f407xx.o(.text)
    EXTI4_IRQHandler                         0x080002ff   Thumb Code     0  startup_stm32f407xx.o(.text)
    EXTI9_5_IRQHandler                       0x080002ff   Thumb Code     0  startup_stm32f407xx.o(.text)
    FLASH_IRQHandler                         0x080002ff   Thumb Code     0  startup_stm32f407xx.o(.text)
    FMC_IRQHandler                           0x080002ff   Thumb Code     0  startup_stm32f407xx.o(.text)
    FPU_IRQHandler                           0x080002ff   Thumb Code     0  startup_stm32f407xx.o(.text)
    HASH_RNG_IRQHandler                      0x080002ff   Thumb Code     0  startup_stm32f407xx.o(.text)
    I2C1_ER_IRQHandler                       0x080002ff   Thumb Code     0  startup_stm32f407xx.o(.text)
    I2C1_EV_IRQHandler                       0x080002ff   Thumb Code     0  startup_stm32f407xx.o(.text)
    I2C2_ER_IRQHandler                       0x080002ff   Thumb Code     0  startup_stm32f407xx.o(.text)
    I2C2_EV_IRQHandler                       0x080002ff   Thumb Code     0  startup_stm32f407xx.o(.text)
    I2C3_ER_IRQHandler                       0x080002ff   Thumb Code     0  startup_stm32f407xx.o(.text)
    I2C3_EV_IRQHandler                       0x080002ff   Thumb Code     0  startup_stm32f407xx.o(.text)
    OTG_FS_IRQHandler                        0x080002ff   Thumb Code     0  startup_stm32f407xx.o(.text)
    OTG_FS_WKUP_IRQHandler                   0x080002ff   Thumb Code     0  startup_stm32f407xx.o(.text)
    OTG_HS_EP1_IN_IRQHandler                 0x080002ff   Thumb Code     0  startup_stm32f407xx.o(.text)
    OTG_HS_EP1_OUT_IRQHandler                0x080002ff   Thumb Code     0  startup_stm32f407xx.o(.text)
    OTG_HS_IRQHandler                        0x080002ff   Thumb Code     0  startup_stm32f407xx.o(.text)
    OTG_HS_WKUP_IRQHandler                   0x080002ff   Thumb Code     0  startup_stm32f407xx.o(.text)
    PVD_IRQHandler                           0x080002ff   Thumb Code     0  startup_stm32f407xx.o(.text)
    RCC_IRQHandler                           0x080002ff   Thumb Code     0  startup_stm32f407xx.o(.text)
    RTC_Alarm_IRQHandler                     0x080002ff   Thumb Code     0  startup_stm32f407xx.o(.text)
    RTC_WKUP_IRQHandler                      0x080002ff   Thumb Code     0  startup_stm32f407xx.o(.text)
    SDIO_IRQHandler                          0x080002ff   Thumb Code     0  startup_stm32f407xx.o(.text)
    SPI1_IRQHandler                          0x080002ff   Thumb Code     0  startup_stm32f407xx.o(.text)
    SPI2_IRQHandler                          0x080002ff   Thumb Code     0  startup_stm32f407xx.o(.text)
    SPI3_IRQHandler                          0x080002ff   Thumb Code     0  startup_stm32f407xx.o(.text)
    TAMP_STAMP_IRQHandler                    0x080002ff   Thumb Code     0  startup_stm32f407xx.o(.text)
    TIM1_BRK_TIM9_IRQHandler                 0x080002ff   Thumb Code     0  startup_stm32f407xx.o(.text)
    TIM1_CC_IRQHandler                       0x080002ff   Thumb Code     0  startup_stm32f407xx.o(.text)
    TIM1_TRG_COM_TIM11_IRQHandler            0x080002ff   Thumb Code     0  startup_stm32f407xx.o(.text)
    TIM1_UP_TIM10_IRQHandler                 0x080002ff   Thumb Code     0  startup_stm32f407xx.o(.text)
    TIM2_IRQHandler                          0x080002ff   Thumb Code     0  startup_stm32f407xx.o(.text)
    TIM3_IRQHandler                          0x080002ff   Thumb Code     0  startup_stm32f407xx.o(.text)
    TIM4_IRQHandler                          0x080002ff   Thumb Code     0  startup_stm32f407xx.o(.text)
    TIM5_IRQHandler                          0x080002ff   Thumb Code     0  startup_stm32f407xx.o(.text)
    TIM6_DAC_IRQHandler                      0x080002ff   Thumb Code     0  startup_stm32f407xx.o(.text)
    TIM7_IRQHandler                          0x080002ff   Thumb Code     0  startup_stm32f407xx.o(.text)
    TIM8_BRK_TIM12_IRQHandler                0x080002ff   Thumb Code     0  startup_stm32f407xx.o(.text)
    TIM8_CC_IRQHandler                       0x080002ff   Thumb Code     0  startup_stm32f407xx.o(.text)
    TIM8_TRG_COM_TIM14_IRQHandler            0x080002ff   Thumb Code     0  startup_stm32f407xx.o(.text)
    TIM8_UP_TIM13_IRQHandler                 0x080002ff   Thumb Code     0  startup_stm32f407xx.o(.text)
    UART4_IRQHandler                         0x080002ff   Thumb Code     0  startup_stm32f407xx.o(.text)
    UART5_IRQHandler                         0x080002ff   Thumb Code     0  startup_stm32f407xx.o(.text)
    USART1_IRQHandler                        0x080002ff   Thumb Code     0  startup_stm32f407xx.o(.text)
    USART2_IRQHandler                        0x080002ff   Thumb Code     0  startup_stm32f407xx.o(.text)
    USART3_IRQHandler                        0x080002ff   Thumb Code     0  startup_stm32f407xx.o(.text)
    USART6_IRQHandler                        0x080002ff   Thumb Code     0  startup_stm32f407xx.o(.text)
    WWDG_IRQHandler                          0x080002ff   Thumb Code     0  startup_stm32f407xx.o(.text)
    __user_initial_stackheap                 0x08000301   Thumb Code     0  startup_stm32f407xx.o(.text)
    malloc                                   0x08000325   Thumb Code    94  h1_alloc.o(.text)
    free                                     0x08000383   Thumb Code    78  h1_free.o(.text)
    __2sprintf                               0x080003d1   Thumb Code    38  __2sprintf.o(.text)
    _printf_str                              0x080003fd   Thumb Code    82  _printf_str.o(.text)
    _printf_int_dec                          0x08000451   Thumb Code   104  _printf_dec.o(.text)
    __printf                                 0x080004c9   Thumb Code   388  __printf_flags_ss_wp.o(.text)
    perror                                   0x08000651   Thumb Code    42  perror.o(.text)
    exit                                     0x0800068d   Thumb Code    18  exit.o(.text)
    strlen                                   0x0800069f   Thumb Code    62  strlen.o(.text)
    __use_two_region_memory                  0x080006dd   Thumb Code     2  heapauxi.o(.text)
    __rt_heap_escrow                         0x080006df   Thumb Code     2  heapauxi.o(.text)
    __rt_heap_expand                         0x080006e1   Thumb Code     2  heapauxi.o(.text)
    __rt_heap_descriptor                     0x080006e5   Thumb Code     8  rt_heap_descriptor_intlibspace.o(.text)
    __aeabi_errno_addr                       0x080006ed   Thumb Code     8  rt_errno_addr_intlibspace.o(.text)
    __errno$intlibspace                      0x080006ed   Thumb Code     0  rt_errno_addr_intlibspace.o(.text)
    __rt_errno_addr$intlibspace              0x080006ed   Thumb Code     0  rt_errno_addr_intlibspace.o(.text)
    __use_no_heap                            0x080006f5   Thumb Code     2  hguard.o(.text)
    __heap$guard                             0x080006f7   Thumb Code     2  hguard.o(.text)
    _terminate_user_alloc                    0x080006f9   Thumb Code     2  init_alloc.o(.text)
    _init_user_alloc                         0x080006fb   Thumb Code     2  init_alloc.o(.text)
    __Heap_Full                              0x080006fd   Thumb Code    34  init_alloc.o(.text)
    __Heap_Broken                            0x0800071f   Thumb Code     6  init_alloc.o(.text)
    _init_alloc                              0x08000725   Thumb Code    94  init_alloc.o(.text)
    __Heap_Initialize                        0x08000783   Thumb Code    10  h1_init.o(.text)
    __Heap_DescSize                          0x0800078d   Thumb Code     4  h1_init.o(.text)
    fprintf                                  0x08000791   Thumb Code    20  fprintf.o(.text)
    _printf_int_common                       0x080007a5   Thumb Code   178  _printf_intcommon.o(.text)
    __lib_sel_fp_printf                      0x08000857   Thumb Code     2  _printf_fp_dec.o(.text)
    _printf_fp_dec_real                      0x08000a09   Thumb Code   620  _printf_fp_dec.o(.text)
    _printf_char_common                      0x08000c7f   Thumb Code    32  _printf_char_common.o(.text)
    _sputc                                   0x08000ca5   Thumb Code    10  _sputc.o(.text)
    _printf_cs_common                        0x08000caf   Thumb Code    20  _printf_char.o(.text)
    _printf_char                             0x08000cc3   Thumb Code    16  _printf_char.o(.text)
    _printf_string                           0x08000cd3   Thumb Code     8  _printf_char.o(.text)
    strerror                                 0x08000cdd   Thumb Code    44  strerror.o(.text)
    __user_libspace                          0x08000de5   Thumb Code     8  libspace.o(.text)
    __user_perproc_libspace                  0x08000de5   Thumb Code     0  libspace.o(.text)
    __user_perthread_libspace                0x08000de5   Thumb Code     0  libspace.o(.text)
    __rt_locale                              0x08000ded   Thumb Code     8  rt_locale_intlibspace.o(.text)
    __Heap_ProvideMemory                     0x08000df5   Thumb Code    52  h1_extend.o(.text)
    _ll_udiv10                               0x08000e29   Thumb Code   138  lludiv10.o(.text)
    _printf_pre_padding                      0x08000eb3   Thumb Code    44  _printf_pad.o(.text)
    _printf_post_padding                     0x08000edf   Thumb Code    34  _printf_pad.o(.text)
    _printf_truncate_signed                  0x08000f01   Thumb Code    18  _printf_truncate.o(.text)
    _printf_truncate_unsigned                0x08000f13   Thumb Code    18  _printf_truncate.o(.text)
    _printf_charcount                        0x08000f25   Thumb Code    40  _printf_charcount.o(.text)
    _printf_fp_infnan                        0x08000f4d   Thumb Code   112  _printf_fp_infnan.o(.text)
    _printf_char_file                        0x08000fcd   Thumb Code    32  _printf_char_file.o(.text)
    _printf_wctomb                           0x08000ff1   Thumb Code   182  _printf_wctomb.o(.text)
    _printf_longlong_dec                     0x080010ad   Thumb Code   108  _printf_longlong_dec.o(.text)
    _printf_longlong_oct                     0x08001129   Thumb Code    66  _printf_oct_int_ll.o(.text)
    _printf_int_oct                          0x0800116b   Thumb Code    24  _printf_oct_int_ll.o(.text)
    _printf_ll_oct                           0x08001183   Thumb Code    12  _printf_oct_int_ll.o(.text)
    _printf_longlong_hex                     0x08001199   Thumb Code    86  _printf_hex_int_ll_ptr.o(.text)
    _printf_int_hex                          0x080011ef   Thumb Code    28  _printf_hex_int_ll_ptr.o(.text)
    _printf_ll_hex                           0x0800120b   Thumb Code    12  _printf_hex_int_ll_ptr.o(.text)
    _printf_hex_ptr                          0x08001217   Thumb Code    18  _printf_hex_int_ll_ptr.o(.text)
    _btod_etento                             0x0800122d   Thumb Code   224  bigflt0.o(.text)
    _initio                                  0x08001311   Thumb Code   210  initio.o(.text)
    _terminateio                             0x080013e3   Thumb Code    56  initio.o(.text)
    __rt_SIGRTMEM                            0x08001449   Thumb Code    14  defsig_rtmem_outer.o(.text)
    _sys_open                                0x08001457   Thumb Code    20  sys_io.o(.text)
    _sys_close                               0x0800146b   Thumb Code    12  sys_io.o(.text)
    _sys_write                               0x08001477   Thumb Code    16  sys_io.o(.text)
    _sys_read                                0x08001487   Thumb Code    14  sys_io.o(.text)
    _sys_istty                               0x08001495   Thumb Code    12  sys_io.o(.text)
    _sys_seek                                0x080014a1   Thumb Code    14  sys_io.o(.text)
    _sys_ensure                              0x080014af   Thumb Code     2  sys_io.o(.text)
    _sys_flen                                0x080014b1   Thumb Code    12  sys_io.o(.text)
    _sys_exit                                0x080014bd   Thumb Code     8  sys_exit.o(.text)
    __I$use$semihosting                      0x080014c9   Thumb Code     0  use_no_semi.o(.text)
    __use_no_semihosting_swi                 0x080014c9   Thumb Code     2  use_no_semi.o(.text)
    __semihosting_library_function           0x080014cb   Thumb Code     0  indicate_semi.o(.text)
    __user_setup_stackheap                   0x080014cb   Thumb Code    74  sys_stackheap_outer.o(.text)
    _printf_fp_hex_real                      0x08001515   Thumb Code   756  _printf_fp_hex.o(.text)
    _printf_lcs_common                       0x08001811   Thumb Code    20  _printf_wchar.o(.text)
    _printf_wchar                            0x08001825   Thumb Code    16  _printf_wchar.o(.text)
    _printf_wstring                          0x08001835   Thumb Code     8  _printf_wchar.o(.text)
    ferror                                   0x0800183d   Thumb Code     8  ferror.o(.text)
    setvbuf                                  0x08001845   Thumb Code    70  setvbuf.o(.text)
    freopen                                  0x0800188d   Thumb Code   158  fopen.o(.text)
    fopen                                    0x0800192b   Thumb Code    74  fopen.o(.text)
    _fclose_internal                         0x08001979   Thumb Code    76  fclose.o(.text)
    fclose                                   0x08001979   Thumb Code     0  fclose.o(.text)
    _wcrtomb                                 0x080019c5   Thumb Code    64  _wcrtomb.o(.text)
    __sig_exit                               0x08001a05   Thumb Code    10  defsig_exit.o(.text)
    __rt_SIGRTRED                            0x08001a0f   Thumb Code    14  defsig_rtred_outer.o(.text)
    __rt_SIGRTMEM_inner                      0x08001a1d   Thumb Code    22  defsig_rtmem_inner.o(.text)
    __aeabi_memclr4                          0x08001a6d   Thumb Code     0  rt_memclr_w.o(.text)
    __aeabi_memclr8                          0x08001a6d   Thumb Code     0  rt_memclr_w.o(.text)
    __rt_memclr_w                            0x08001a6d   Thumb Code    78  rt_memclr_w.o(.text)
    _memset_w                                0x08001a71   Thumb Code     0  rt_memclr_w.o(.text)
    strcmp                                   0x08001abd   Thumb Code   128  strcmpv7m.o(.text)
    __rt_ctype_table                         0x08001b3d   Thumb Code    16  rt_ctype_table.o(.text)
    __flsbuf                                 0x08001b4d   Thumb Code   470  flsbuf.o(.text)
    __flsbuf_byte                            0x08001b4d   Thumb Code     0  flsbuf.o(.text)
    __flsbuf_wide                            0x08001b4d   Thumb Code     0  flsbuf.o(.text)
    _fseek                                   0x08001d25   Thumb Code   242  fseek.o(.text)
    fseek                                    0x08001d25   Thumb Code     0  fseek.o(.text)
    _seterr                                  0x08001e1d   Thumb Code    20  stdio.o(.text)
    _writebuf                                0x08001e31   Thumb Code    84  stdio.o(.text)
    _fflush                                  0x08001e85   Thumb Code    70  stdio.o(.text)
    _deferredlazyseek                        0x08001ecb   Thumb Code    60  stdio.o(.text)
    __default_signal_display                 0x08001f0d   Thumb Code    50  defsig_general.o(.text)
    __rt_SIGRTRED_inner                      0x08001f41   Thumb Code    14  defsig_rtred_inner.o(.text)
    _ttywrch                                 0x08001f75   Thumb Code    14  sys_wrch.o(.text)
    _ftell_internal                          0x08001f83   Thumb Code    66  ftell.o(.text)
    ftell                                    0x08001f83   Thumb Code     0  ftell.o(.text)
    _btod_d2e                                0x08001fc5   Thumb Code    62  btod.o(CL$$btod_d2e)
    _d2e_denorm_low                          0x08002003   Thumb Code    70  btod.o(CL$$btod_d2e_denorm_low)
    _d2e_norm_op1                            0x08002049   Thumb Code    96  btod.o(CL$$btod_d2e_norm_op1)
    __btod_div_common                        0x080020a9   Thumb Code   696  btod.o(CL$$btod_div_common)
    _e2e                                     0x080023e1   Thumb Code   220  btod.o(CL$$btod_e2e)
    _btod_ediv                               0x080024bd   Thumb Code    42  btod.o(CL$$btod_ediv)
    _btod_emul                               0x080024e7   Thumb Code    42  btod.o(CL$$btod_emul)
    __btod_mult_common                       0x08002511   Thumb Code   580  btod.o(CL$$btod_mult_common)
    ADC_Enable                               0x08002755   Thumb Code    28  adc_config.o(i.ADC_Enable)
    ADC_GetVal                               0x08002775   Thumb Code     8  adc_config.o(i.ADC_GetVal)
    ADC_Init                                 0x08002781   Thumb Code   134  adc_config.o(i.ADC_Init)
    ADC_Start                                0x08002819   Thumb Code    30  adc_config.o(i.ADC_Start)
    ADC_WaitForConv                          0x0800283d   Thumb Code    16  adc_config.o(i.ADC_WaitForConv)
    Delay_ms                                 0x08002851   Thumb Code    26  timer_config.o(i.Delay_ms)
    Delay_us                                 0x0800286d   Thumb Code    18  timer_config.o(i.Delay_us)
    SysClockConfig                           0x08002885   Thumb Code   160  systemclock.o(i.SysClockConfig)
    SystemInit                               0x08002935   Thumb Code    82  system_stm32f4xx.o(i.SystemInit)
    TIM6Config                               0x08002999   Thumb Code    50  timer_config.o(i.TIM6Config)
    UART2_SendChar                           0x080029d5   Thumb Code    22  uart_config.o(i.UART2_SendChar)
    UART2_SendString                         0x080029f1   Thumb Code    30  uart_config.o(i.UART2_SendString)
    Uart2Config                              0x08002a11   Thumb Code   138  uart_config.o(i.Uart2Config)
    __ARM_fpclassify                         0x08002aa9   Thumb Code    48  fpclassify.o(i.__ARM_fpclassify)
    _is_digit                                0x08002ad9   Thumb Code    14  __printf_wp.o(i._is_digit)
    fputc                                    0x08002ae7   Thumb Code    26  fputc.o(i.fputc)
    main                                     0x08002b01   Thumb Code   148  main.o(i.main)
    shift_digits                             0x08002bc5   Thumb Code   106  ascii_config.o(i.shift_digits)
    _get_lc_numeric                          0x08002c55   Thumb Code    44  lc_numeric_c.o(locale$$code)
    _get_lc_ctype                            0x08002c81   Thumb Code    44  lc_ctype_c.o(locale$$code)
    __aeabi_d2f                              0x08002cad   Thumb Code     0  d2f.o(x$fpl$d2f)
    _d2f                                     0x08002cad   Thumb Code    98  d2f.o(x$fpl$d2f)
    __aeabi_ui2d                             0x08002d0f   Thumb Code     0  dflt_clz.o(x$fpl$dfltu)
    _dfltu                                   0x08002d0f   Thumb Code    38  dflt_clz.o(x$fpl$dfltu)
    __aeabi_dmul                             0x08002d35   Thumb Code     0  dmul.o(x$fpl$dmul)
    _dmul                                    0x08002d35   Thumb Code   332  dmul.o(x$fpl$dmul)
    __fpl_dnaninf                            0x08002e89   Thumb Code   156  dnaninf.o(x$fpl$dnaninf)
    __fpl_dretinf                            0x08002f25   Thumb Code    12  dretinf.o(x$fpl$dretinf)
    __aeabi_f2d                              0x08002f31   Thumb Code     0  f2d.o(x$fpl$f2d)
    _f2d                                     0x08002f31   Thumb Code    86  f2d.o(x$fpl$f2d)
    __fpl_fnaninf                            0x08002f87   Thumb Code   140  fnaninf.o(x$fpl$fnaninf)
    _fp_init                                 0x08003013   Thumb Code    10  fpinit.o(x$fpl$fpinit)
    __fplib_config_fpu_vfp                   0x0800301b   Thumb Code     0  fpinit.o(x$fpl$fpinit)
    __fplib_config_pureend_doubles           0x0800301b   Thumb Code     0  fpinit.o(x$fpl$fpinit)
    __fpl_fretinf                            0x0800301d   Thumb Code    10  fretinf.o(x$fpl$fretinf)
    _printf_fp_dec                           0x08003027   Thumb Code     4  printf1.o(x$fpl$printf1)
    _printf_fp_hex                           0x0800302b   Thumb Code     4  printf2.o(x$fpl$printf2)
    __I$use$fp                               0x0800302e   Number         0  usenofp.o(x$fpl$usenofp)
    __stdin_name                             0x08003104   Data           4  sys_io.o(.constdata)
    __stdout_name                            0x08003108   Data           4  sys_io.o(.constdata)
    __stderr_name                            0x0800310c   Data           4  sys_io.o(.constdata)
    Region$$Table$$Base                      0x08003138   Number         0  anon$$obj.o(Region$$Table)
    Region$$Table$$Limit                     0x08003158   Number         0  anon$$obj.o(Region$$Table)
    __ctype                                  0x08003181   Data           0  lc_ctype_c.o(locale$$data)
    __aeabi_stdin                            0x20000000   Data           4  stdio_streams.o(.data)
    __aeabi_stdout                           0x20000004   Data           4  stdio_streams.o(.data)
    __aeabi_stderr                           0x20000008   Data           4  stdio_streams.o(.data)
    __stdin                                  0x2000000c   Data          84  stdio_streams.o(.bss)
    __stdout                                 0x20000060   Data          84  stdio_streams.o(.bss)
    __stderr                                 0x200000b4   Data          84  stdio_streams.o(.bss)
    __libspace_start                         0x20000108   Data          96  libspace.o(.bss)
    __temporary_stack_top$libspace           0x20000168   Data           0  libspace.o(.bss)



==============================================================================

Memory Map of the image

  Image Entry point : 0x080002e5

  Load Region LR_1 (Base: 0x08000000, Size: 0x00003290, Max: 0xffffffff, ABSOLUTE)

    Execution Region ER_RO (Exec base: 0x08000000, Load base: 0x08000000, Size: 0x00003284, Max: 0xffffffff, ABSOLUTE)

    Exec Addr    Load Addr    Size         Type   Attr      Idx    E Section Name        Object

    0x08000000   0x08000000   0x00000188   Data   RO          246    RESET               startup_stm32f407xx.o
    0x08000188   0x08000188   0x00000008   Code   RO          394  * !!!main             c_w.l(__main.o)
    0x08000190   0x08000190   0x00000034   Code   RO          830    !!!scatter          c_w.l(__scatter.o)
    0x080001c4   0x080001c4   0x0000001a   Code   RO          832    !!handler_copy      c_w.l(__scatter_copy.o)
    0x080001de   0x080001de   0x00000002   PAD
    0x080001e0   0x080001e0   0x0000001c   Code   RO          834    !!handler_zi        c_w.l(__scatter_zi.o)
    0x080001fc   0x080001fc   0x00000000   Code   RO          385    .ARM.Collect$$_printf_percent$$00000000  c_w.l(_printf_percent.o)
    0x080001fc   0x080001fc   0x00000006   Code   RO          611    .ARM.Collect$$_printf_percent$$00000001  c_w.l(_printf_n.o)
    0x08000202   0x08000202   0x00000006   Code   RO          613    .ARM.Collect$$_printf_percent$$00000002  c_w.l(_printf_p.o)
    0x08000208   0x08000208   0x00000006   Code   RO          384    .ARM.Collect$$_printf_percent$$00000003  c_w.l(_printf_f.o)
    0x0800020e   0x0800020e   0x00000006   Code   RO          617    .ARM.Collect$$_printf_percent$$00000004  c_w.l(_printf_e.o)
    0x08000214   0x08000214   0x00000006   Code   RO          618    .ARM.Collect$$_printf_percent$$00000005  c_w.l(_printf_g.o)
    0x0800021a   0x0800021a   0x00000006   Code   RO          619    .ARM.Collect$$_printf_percent$$00000006  c_w.l(_printf_a.o)
    0x08000220   0x08000220   0x0000000a   Code   RO          623    .ARM.Collect$$_printf_percent$$00000007  c_w.l(_printf_ll.o)
    0x0800022a   0x0800022a   0x00000006   Code   RO          615    .ARM.Collect$$_printf_percent$$00000008  c_w.l(_printf_i.o)
    0x08000230   0x08000230   0x00000006   Code   RO          383    .ARM.Collect$$_printf_percent$$00000009  c_w.l(_printf_d.o)
    0x08000236   0x08000236   0x00000006   Code   RO          616    .ARM.Collect$$_printf_percent$$0000000A  c_w.l(_printf_u.o)
    0x0800023c   0x0800023c   0x00000006   Code   RO          614    .ARM.Collect$$_printf_percent$$0000000B  c_w.l(_printf_o.o)
    0x08000242   0x08000242   0x00000006   Code   RO          612    .ARM.Collect$$_printf_percent$$0000000C  c_w.l(_printf_x.o)
    0x08000248   0x08000248   0x00000006   Code   RO          620    .ARM.Collect$$_printf_percent$$0000000D  c_w.l(_printf_lli.o)
    0x0800024e   0x0800024e   0x00000006   Code   RO          621    .ARM.Collect$$_printf_percent$$0000000E  c_w.l(_printf_lld.o)
    0x08000254   0x08000254   0x00000006   Code   RO          622    .ARM.Collect$$_printf_percent$$0000000F  c_w.l(_printf_llu.o)
    0x0800025a   0x0800025a   0x00000006   Code   RO          627    .ARM.Collect$$_printf_percent$$00000010  c_w.l(_printf_llo.o)
    0x08000260   0x08000260   0x00000006   Code   RO          628    .ARM.Collect$$_printf_percent$$00000011  c_w.l(_printf_llx.o)
    0x08000266   0x08000266   0x0000000a   Code   RO          624    .ARM.Collect$$_printf_percent$$00000012  c_w.l(_printf_l.o)
    0x08000270   0x08000270   0x00000006   Code   RO          610    .ARM.Collect$$_printf_percent$$00000013  c_w.l(_printf_c.o)
    0x08000276   0x08000276   0x00000006   Code   RO          382    .ARM.Collect$$_printf_percent$$00000014  c_w.l(_printf_s.o)
    0x0800027c   0x0800027c   0x00000006   Code   RO          625    .ARM.Collect$$_printf_percent$$00000015  c_w.l(_printf_lc.o)
    0x08000282   0x08000282   0x00000006   Code   RO          626    .ARM.Collect$$_printf_percent$$00000016  c_w.l(_printf_ls.o)
    0x08000288   0x08000288   0x00000004   Code   RO          457    .ARM.Collect$$_printf_percent$$00000017  c_w.l(_printf_percent_end.o)
    0x0800028c   0x0800028c   0x00000002   Code   RO          749    .ARM.Collect$$libinit$$00000000  c_w.l(libinit.o)
    0x0800028e   0x0800028e   0x00000004   Code   RO          470    .ARM.Collect$$libinit$$00000001  c_w.l(libinit2.o)
    0x08000292   0x08000292   0x00000000   Code   RO          473    .ARM.Collect$$libinit$$00000004  c_w.l(libinit2.o)
    0x08000292   0x08000292   0x00000008   Code   RO          474    .ARM.Collect$$libinit$$00000005  c_w.l(libinit2.o)
    0x0800029a   0x0800029a   0x00000000   Code   RO          476    .ARM.Collect$$libinit$$0000000A  c_w.l(libinit2.o)
    0x0800029a   0x0800029a   0x00000000   Code   RO          478    .ARM.Collect$$libinit$$0000000C  c_w.l(libinit2.o)
    0x0800029a   0x0800029a   0x00000000   Code   RO          480    .ARM.Collect$$libinit$$0000000E  c_w.l(libinit2.o)
    0x0800029a   0x0800029a   0x00000006   Code   RO          481    .ARM.Collect$$libinit$$0000000F  c_w.l(libinit2.o)
    0x080002a0   0x080002a0   0x00000000   Code   RO          483    .ARM.Collect$$libinit$$00000011  c_w.l(libinit2.o)
    0x080002a0   0x080002a0   0x0000000c   Code   RO          484    .ARM.Collect$$libinit$$00000012  c_w.l(libinit2.o)
    0x080002ac   0x080002ac   0x00000000   Code   RO          485    .ARM.Collect$$libinit$$00000013  c_w.l(libinit2.o)
    0x080002ac   0x080002ac   0x00000000   Code   RO          487    .ARM.Collect$$libinit$$00000015  c_w.l(libinit2.o)
    0x080002ac   0x080002ac   0x0000000a   Code   RO          488    .ARM.Collect$$libinit$$00000016  c_w.l(libinit2.o)
    0x080002b6   0x080002b6   0x00000000   Code   RO          489    .ARM.Collect$$libinit$$00000017  c_w.l(libinit2.o)
    0x080002b6   0x080002b6   0x00000000   Code   RO          491    .ARM.Collect$$libinit$$00000019  c_w.l(libinit2.o)
    0x080002b6   0x080002b6   0x00000000   Code   RO          493    .ARM.Collect$$libinit$$0000001B  c_w.l(libinit2.o)
    0x080002b6   0x080002b6   0x00000000   Code   RO          495    .ARM.Collect$$libinit$$0000001D  c_w.l(libinit2.o)
    0x080002b6   0x080002b6   0x00000000   Code   RO          497    .ARM.Collect$$libinit$$0000001F  c_w.l(libinit2.o)
    0x080002b6   0x080002b6   0x00000000   Code   RO          499    .ARM.Collect$$libinit$$00000021  c_w.l(libinit2.o)
    0x080002b6   0x080002b6   0x00000000   Code   RO          501    .ARM.Collect$$libinit$$00000023  c_w.l(libinit2.o)
    0x080002b6   0x080002b6   0x00000004   Code   RO          502    .ARM.Collect$$libinit$$00000024  c_w.l(libinit2.o)
    0x080002ba   0x080002ba   0x00000000   Code   RO          503    .ARM.Collect$$libinit$$00000025  c_w.l(libinit2.o)
    0x080002ba   0x080002ba   0x00000000   Code   RO          507    .ARM.Collect$$libinit$$0000002C  c_w.l(libinit2.o)
    0x080002ba   0x080002ba   0x00000000   Code   RO          509    .ARM.Collect$$libinit$$0000002E  c_w.l(libinit2.o)
    0x080002ba   0x080002ba   0x00000000   Code   RO          511    .ARM.Collect$$libinit$$00000030  c_w.l(libinit2.o)
    0x080002ba   0x080002ba   0x00000000   Code   RO          513    .ARM.Collect$$libinit$$00000032  c_w.l(libinit2.o)
    0x080002ba   0x080002ba   0x00000002   Code   RO          514    .ARM.Collect$$libinit$$00000033  c_w.l(libinit2.o)
    0x080002bc   0x080002bc   0x00000002   Code   RO          750    .ARM.Collect$$libshutdown$$00000000  c_w.l(libshutdown.o)
    0x080002be   0x080002be   0x00000000   Code   RO          752    .ARM.Collect$$libshutdown$$00000002  c_w.l(libshutdown2.o)
    0x080002be   0x080002be   0x00000004   Code   RO          753    .ARM.Collect$$libshutdown$$00000003  c_w.l(libshutdown2.o)
    0x080002c2   0x080002c2   0x00000000   Code   RO          754    .ARM.Collect$$libshutdown$$00000004  c_w.l(libshutdown2.o)
    0x080002c2   0x080002c2   0x00000000   Code   RO          757    .ARM.Collect$$libshutdown$$00000007  c_w.l(libshutdown2.o)
    0x080002c2   0x080002c2   0x00000000   Code   RO          760    .ARM.Collect$$libshutdown$$0000000A  c_w.l(libshutdown2.o)
    0x080002c2   0x080002c2   0x00000000   Code   RO          762    .ARM.Collect$$libshutdown$$0000000C  c_w.l(libshutdown2.o)
    0x080002c2   0x080002c2   0x00000000   Code   RO          765    .ARM.Collect$$libshutdown$$0000000F  c_w.l(libshutdown2.o)
    0x080002c2   0x080002c2   0x00000002   Code   RO          766    .ARM.Collect$$libshutdown$$00000010  c_w.l(libshutdown2.o)
    0x080002c4   0x080002c4   0x00000000   Code   RO          412    .ARM.Collect$$rtentry$$00000000  c_w.l(__rtentry.o)
    0x080002c4   0x080002c4   0x00000000   Code   RO          530    .ARM.Collect$$rtentry$$00000002  c_w.l(__rtentry2.o)
    0x080002c4   0x080002c4   0x00000006   Code   RO          542    .ARM.Collect$$rtentry$$00000004  c_w.l(__rtentry4.o)
    0x080002ca   0x080002ca   0x00000000   Code   RO          532    .ARM.Collect$$rtentry$$00000009  c_w.l(__rtentry2.o)
    0x080002ca   0x080002ca   0x00000004   Code   RO          533    .ARM.Collect$$rtentry$$0000000A  c_w.l(__rtentry2.o)
    0x080002ce   0x080002ce   0x00000000   Code   RO          535    .ARM.Collect$$rtentry$$0000000C  c_w.l(__rtentry2.o)
    0x080002ce   0x080002ce   0x00000008   Code   RO          536    .ARM.Collect$$rtentry$$0000000D  c_w.l(__rtentry2.o)
    0x080002d6   0x080002d6   0x00000002   Code   RO          413    .ARM.Collect$$rtexit$$00000000  c_w.l(rtexit.o)
    0x080002d8   0x080002d8   0x00000000   Code   RO          545    .ARM.Collect$$rtexit$$00000002  c_w.l(rtexit2.o)
    0x080002d8   0x080002d8   0x00000004   Code   RO          546    .ARM.Collect$$rtexit$$00000003  c_w.l(rtexit2.o)
    0x080002dc   0x080002dc   0x00000006   Code   RO          547    .ARM.Collect$$rtexit$$00000004  c_w.l(rtexit2.o)
    0x080002e2   0x080002e2   0x00000002   PAD
    0x080002e4   0x080002e4   0x00000000   Code   RO          558    .emb_text           c_w.l(maybetermalloc1.o)
    0x080002e4   0x080002e4   0x00000040   Code   RO          247  * .text               startup_stm32f407xx.o
    0x08000324   0x08000324   0x0000005e   Code   RO          294    .text               c_w.l(h1_alloc.o)
    0x08000382   0x08000382   0x0000004e   Code   RO          296    .text               c_w.l(h1_free.o)
    0x080003d0   0x080003d0   0x0000002c   Code   RO          352    .text               c_w.l(__2sprintf.o)
    0x080003fc   0x080003fc   0x00000052   Code   RO          358    .text               c_w.l(_printf_str.o)
    0x0800044e   0x0800044e   0x00000002   PAD
    0x08000450   0x08000450   0x00000078   Code   RO          360    .text               c_w.l(_printf_dec.o)
    0x080004c8   0x080004c8   0x00000188   Code   RO          379    .text               c_w.l(__printf_flags_ss_wp.o)
    0x08000650   0x08000650   0x0000003c   Code   RO          386    .text               c_w.l(perror.o)
    0x0800068c   0x0800068c   0x00000012   Code   RO          388    .text               c_w.l(exit.o)
    0x0800069e   0x0800069e   0x0000003e   Code   RO          390    .text               c_w.l(strlen.o)
    0x080006dc   0x080006dc   0x00000006   Code   RO          392    .text               c_w.l(heapauxi.o)
    0x080006e2   0x080006e2   0x00000002   PAD
    0x080006e4   0x080006e4   0x00000008   Code   RO          418    .text               c_w.l(rt_heap_descriptor_intlibspace.o)
    0x080006ec   0x080006ec   0x00000008   Code   RO          423    .text               c_w.l(rt_errno_addr_intlibspace.o)
    0x080006f4   0x080006f4   0x00000004   Code   RO          425    .text               c_w.l(hguard.o)
    0x080006f8   0x080006f8   0x0000008a   Code   RO          427    .text               c_w.l(init_alloc.o)
    0x08000782   0x08000782   0x0000000e   Code   RO          431    .text               c_w.l(h1_init.o)
    0x08000790   0x08000790   0x00000014   Code   RO          445    .text               c_w.l(fprintf.o)
    0x080007a4   0x080007a4   0x000000b2   Code   RO          447    .text               c_w.l(_printf_intcommon.o)
    0x08000856   0x08000856   0x0000041e   Code   RO          449    .text               c_w.l(_printf_fp_dec.o)
    0x08000c74   0x08000c74   0x00000030   Code   RO          451    .text               c_w.l(_printf_char_common.o)
    0x08000ca4   0x08000ca4   0x0000000a   Code   RO          453    .text               c_w.l(_sputc.o)
    0x08000cae   0x08000cae   0x0000002c   Code   RO          455    .text               c_w.l(_printf_char.o)
    0x08000cda   0x08000cda   0x00000002   PAD
    0x08000cdc   0x08000cdc   0x00000108   Code   RO          464    .text               c_w.l(strerror.o)
    0x08000de4   0x08000de4   0x00000008   Code   RO          526    .text               c_w.l(libspace.o)
    0x08000dec   0x08000dec   0x00000008   Code   RO          554    .text               c_w.l(rt_locale_intlibspace.o)
    0x08000df4   0x08000df4   0x00000034   Code   RO          560    .text               c_w.l(h1_extend.o)
    0x08000e28   0x08000e28   0x0000008a   Code   RO          564    .text               c_w.l(lludiv10.o)
    0x08000eb2   0x08000eb2   0x0000004e   Code   RO          566    .text               c_w.l(_printf_pad.o)
    0x08000f00   0x08000f00   0x00000024   Code   RO          568    .text               c_w.l(_printf_truncate.o)
    0x08000f24   0x08000f24   0x00000028   Code   RO          570    .text               c_w.l(_printf_charcount.o)
    0x08000f4c   0x08000f4c   0x00000080   Code   RO          572    .text               c_w.l(_printf_fp_infnan.o)
    0x08000fcc   0x08000fcc   0x00000024   Code   RO          576    .text               c_w.l(_printf_char_file.o)
    0x08000ff0   0x08000ff0   0x000000bc   Code   RO          578    .text               c_w.l(_printf_wctomb.o)
    0x080010ac   0x080010ac   0x0000007c   Code   RO          581    .text               c_w.l(_printf_longlong_dec.o)
    0x08001128   0x08001128   0x00000070   Code   RO          587    .text               c_w.l(_printf_oct_int_ll.o)
    0x08001198   0x08001198   0x00000094   Code   RO          607    .text               c_w.l(_printf_hex_int_ll_ptr.o)
    0x0800122c   0x0800122c   0x000000e4   Code   RO          629    .text               c_w.l(bigflt0.o)
    0x08001310   0x08001310   0x00000138   Code   RO          654    .text               c_w.l(initio.o)
    0x08001448   0x08001448   0x0000000e   Code   RO          661    .text               c_w.l(defsig_rtmem_outer.o)
    0x08001456   0x08001456   0x00000066   Code   RO          682    .text               c_w.l(sys_io.o)
    0x080014bc   0x080014bc   0x0000000c   Code   RO          687    .text               c_w.l(sys_exit.o)
    0x080014c8   0x080014c8   0x00000002   Code   RO          689    .text               c_w.l(use_no_semi.o)
    0x080014ca   0x080014ca   0x00000000   Code   RO          691    .text               c_w.l(indicate_semi.o)
    0x080014ca   0x080014ca   0x0000004a   Code   RO          692    .text               c_w.l(sys_stackheap_outer.o)
    0x08001514   0x08001514   0x000002fc   Code   RO          698    .text               c_w.l(_printf_fp_hex.o)
    0x08001810   0x08001810   0x0000002c   Code   RO          701    .text               c_w.l(_printf_wchar.o)
    0x0800183c   0x0800183c   0x00000008   Code   RO          703    .text               c_w.l(ferror.o)
    0x08001844   0x08001844   0x00000046   Code   RO          709    .text               c_w.l(setvbuf.o)
    0x0800188a   0x0800188a   0x00000002   PAD
    0x0800188c   0x0800188c   0x000000ec   Code   RO          712    .text               c_w.l(fopen.o)
    0x08001978   0x08001978   0x0000004c   Code   RO          714    .text               c_w.l(fclose.o)
    0x080019c4   0x080019c4   0x00000040   Code   RO          724    .text               c_w.l(_wcrtomb.o)
    0x08001a04   0x08001a04   0x0000000a   Code   RO          726    .text               c_w.l(defsig_exit.o)
    0x08001a0e   0x08001a0e   0x0000000e   Code   RO          728    .text               c_w.l(defsig_rtred_outer.o)
    0x08001a1c   0x08001a1c   0x00000050   Code   RO          732    .text               c_w.l(defsig_rtmem_inner.o)
    0x08001a6c   0x08001a6c   0x0000004e   Code   RO          734    .text               c_w.l(rt_memclr_w.o)
    0x08001aba   0x08001aba   0x00000002   PAD
    0x08001abc   0x08001abc   0x00000080   Code   RO          736    .text               c_w.l(strcmpv7m.o)
    0x08001b3c   0x08001b3c   0x00000010   Code   RO          767    .text               c_w.l(rt_ctype_table.o)
    0x08001b4c   0x08001b4c   0x000001d6   Code   RO          773    .text               c_w.l(flsbuf.o)
    0x08001d22   0x08001d22   0x00000002   PAD
    0x08001d24   0x08001d24   0x000000f8   Code   RO          775    .text               c_w.l(fseek.o)
    0x08001e1c   0x08001e1c   0x000000f0   Code   RO          777    .text               c_w.l(stdio.o)
    0x08001f0c   0x08001f0c   0x00000032   Code   RO          781    .text               c_w.l(defsig_general.o)
    0x08001f3e   0x08001f3e   0x00000002   PAD
    0x08001f40   0x08001f40   0x00000034   Code   RO          783    .text               c_w.l(defsig_rtred_inner.o)
    0x08001f74   0x08001f74   0x0000000e   Code   RO          787    .text               c_w.l(sys_wrch.o)
    0x08001f82   0x08001f82   0x00000042   Code   RO          791    .text               c_w.l(ftell.o)
    0x08001fc4   0x08001fc4   0x0000003e   Code   RO          632    CL$$btod_d2e        c_w.l(btod.o)
    0x08002002   0x08002002   0x00000046   Code   RO          634    CL$$btod_d2e_denorm_low  c_w.l(btod.o)
    0x08002048   0x08002048   0x00000060   Code   RO          633    CL$$btod_d2e_norm_op1  c_w.l(btod.o)
    0x080020a8   0x080020a8   0x00000338   Code   RO          642    CL$$btod_div_common  c_w.l(btod.o)
    0x080023e0   0x080023e0   0x000000dc   Code   RO          639    CL$$btod_e2e        c_w.l(btod.o)
    0x080024bc   0x080024bc   0x0000002a   Code   RO          636    CL$$btod_ediv       c_w.l(btod.o)
    0x080024e6   0x080024e6   0x0000002a   Code   RO          635    CL$$btod_emul       c_w.l(btod.o)
    0x08002510   0x08002510   0x00000244   Code   RO          641    CL$$btod_mult_common  c_w.l(btod.o)
    0x08002754   0x08002754   0x00000020   Code   RO          104    i.ADC_Enable        adc_config.o
    0x08002774   0x08002774   0x0000000c   Code   RO          105    i.ADC_GetVal        adc_config.o
    0x08002780   0x08002780   0x00000098   Code   RO          106    i.ADC_Init          adc_config.o
    0x08002818   0x08002818   0x00000024   Code   RO          107    i.ADC_Start         adc_config.o
    0x0800283c   0x0800283c   0x00000014   Code   RO          108    i.ADC_WaitForConv   adc_config.o
    0x08002850   0x08002850   0x0000001a   Code   RO          157    i.Delay_ms          timer_config.o
    0x0800286a   0x0800286a   0x00000002   PAD
    0x0800286c   0x0800286c   0x00000018   Code   RO          158    i.Delay_us          timer_config.o
    0x08002884   0x08002884   0x000000b0   Code   RO           79    i.SysClockConfig    systemclock.o
    0x08002934   0x08002934   0x00000064   Code   RO          255    i.SystemInit        system_stm32f4xx.o
    0x08002998   0x08002998   0x0000003c   Code   RO          159    i.TIM6Config        timer_config.o
    0x080029d4   0x080029d4   0x0000001c   Code   RO          206    i.UART2_SendChar    uart_config.o
    0x080029f0   0x080029f0   0x0000001e   Code   RO          207    i.UART2_SendString  uart_config.o
    0x08002a0e   0x08002a0e   0x00000002   PAD
    0x08002a10   0x08002a10   0x00000098   Code   RO          208    i.Uart2Config       uart_config.o
    0x08002aa8   0x08002aa8   0x00000030   Code   RO          680    i.__ARM_fpclassify  m_wm.l(fpclassify.o)
    0x08002ad8   0x08002ad8   0x0000000e   Code   RO          372    i._is_digit         c_w.l(__printf_wp.o)
    0x08002ae6   0x08002ae6   0x0000001a   Code   RO          706    i.fputc             c_w.l(fputc.o)
    0x08002b00   0x08002b00   0x000000c4   Code   RO            4    i.main              main.o
    0x08002bc4   0x08002bc4   0x00000090   Code   RO          190    i.shift_digits      ascii_config.o
    0x08002c54   0x08002c54   0x0000002c   Code   RO          659    locale$$code        c_w.l(lc_numeric_c.o)
    0x08002c80   0x08002c80   0x0000002c   Code   RO          798    locale$$code        c_w.l(lc_ctype_c.o)
    0x08002cac   0x08002cac   0x00000062   Code   RO          396    x$fpl$d2f           fz_wm.l(d2f.o)
    0x08002d0e   0x08002d0e   0x00000026   Code   RO          398    x$fpl$dfltu         fz_wm.l(dflt_clz.o)
    0x08002d34   0x08002d34   0x00000154   Code   RO          404    x$fpl$dmul          fz_wm.l(dmul.o)
    0x08002e88   0x08002e88   0x0000009c   Code   RO          515    x$fpl$dnaninf       fz_wm.l(dnaninf.o)
    0x08002f24   0x08002f24   0x0000000c   Code   RO          517    x$fpl$dretinf       fz_wm.l(dretinf.o)
    0x08002f30   0x08002f30   0x00000056   Code   RO          406    x$fpl$f2d           fz_wm.l(f2d.o)
    0x08002f86   0x08002f86   0x0000008c   Code   RO          519    x$fpl$fnaninf       fz_wm.l(fnaninf.o)
    0x08003012   0x08003012   0x0000000a   Code   RO          670    x$fpl$fpinit        fz_wm.l(fpinit.o)
    0x0800301c   0x0800301c   0x0000000a   Code   RO          521    x$fpl$fretinf       fz_wm.l(fretinf.o)
    0x08003026   0x08003026   0x00000004   Code   RO          408    x$fpl$printf1       fz_wm.l(printf1.o)
    0x0800302a   0x0800302a   0x00000004   Code   RO          674    x$fpl$printf2       fz_wm.l(printf2.o)
    0x0800302e   0x0800302e   0x00000000   Code   RO          523    x$fpl$usenofp       fz_wm.l(usenofp.o)
    0x0800302e   0x0800302e   0x00000011   Data   RO          380    .constdata          c_w.l(__printf_flags_ss_wp.o)
    0x0800303f   0x0800303f   0x00000001   PAD
    0x08003040   0x08003040   0x00000008   Data   RO          579    .constdata          c_w.l(_printf_wctomb.o)
    0x08003048   0x08003048   0x00000028   Data   RO          608    .constdata          c_w.l(_printf_hex_int_ll_ptr.o)
    0x08003070   0x08003070   0x00000094   Data   RO          630    .constdata          c_w.l(bigflt0.o)
    0x08003104   0x08003104   0x00000004   Data   RO          683    .constdata          c_w.l(sys_io.o)
    0x08003108   0x08003108   0x00000004   Data   RO          684    .constdata          c_w.l(sys_io.o)
    0x0800310c   0x0800310c   0x00000004   Data   RO          685    .constdata          c_w.l(sys_io.o)
    0x08003110   0x08003110   0x00000026   Data   RO          699    .constdata          c_w.l(_printf_fp_hex.o)
    0x08003136   0x08003136   0x00000002   PAD
    0x08003138   0x08003138   0x00000020   Data   RO          828    Region$$Table       anon$$obj.o
    0x08003158   0x08003158   0x0000001c   Data   RO          658    locale$$data        c_w.l(lc_numeric_c.o)
    0x08003174   0x08003174   0x00000110   Data   RO          797    locale$$data        c_w.l(lc_ctype_c.o)


    Execution Region ER_RW (Exec base: 0x20000000, Load base: 0x08003284, Size: 0x0000000c, Max: 0xffffffff, ABSOLUTE)

    Exec Addr    Load Addr    Size         Type   Attr      Idx    E Section Name        Object

    0x20000000   0x08003284   0x00000004   Data   RW          461    .data               c_w.l(stdio_streams.o)
    0x20000004   0x08003288   0x00000004   Data   RW          462    .data               c_w.l(stdio_streams.o)
    0x20000008   0x0800328c   0x00000004   Data   RW          463    .data               c_w.l(stdio_streams.o)


    Execution Region ER_ZI (Exec base: 0x2000000c, Load base: 0x08003290, Size: 0x0000075c, Max: 0xffffffff, ABSOLUTE)

    Exec Addr    Load Addr    Size         Type   Attr      Idx    E Section Name        Object

    0x2000000c        -       0x00000054   Zero   RW          458    .bss                c_w.l(stdio_streams.o)
    0x20000060        -       0x00000054   Zero   RW          459    .bss                c_w.l(stdio_streams.o)
    0x200000b4        -       0x00000054   Zero   RW          460    .bss                c_w.l(stdio_streams.o)
    0x20000108        -       0x00000060   Zero   RW          527    .bss                c_w.l(libspace.o)
    0x20000168        -       0x00000200   Zero   RW          245    HEAP                startup_stm32f407xx.o
    0x20000368        -       0x00000400   Zero   RW          244    STACK               startup_stm32f407xx.o


==============================================================================

Image component sizes


      Code (inc. data)   RO Data    RW Data    ZI Data      Debug   Object Name

       252         36          0          0          0       2791   adc_config.o
       144         38          0          0          0        911   ascii_config.o
       196         48          0          0          0     556371   main.o
        64         26        392          0       1536        880   startup_stm32f407xx.o
       100         18          0          0          0        621   system_stm32f4xx.o
       176         16          0          0          0        601   systemclock.o
       110         16          0          0          0       1779   timer_config.o
       210         20          0          0          0       2274   uart_config.o

    ----------------------------------------------------------------------
      1256        218        424          0       1536     566228   Object Totals
         0          0         32          0          0          0   (incl. Generated)
         4          0          0          0          0          0   (incl. Padding)

    ----------------------------------------------------------------------

      Code (inc. data)   RO Data    RW Data    ZI Data      Debug   Library Member Name

        44          6          0          0          0         84   __2sprintf.o
         8          0          0          0          0         68   __main.o
       392          4         17          0          0         92   __printf_flags_ss_wp.o
        14          0          0          0          0         68   __printf_wp.o
         0          0          0          0          0          0   __rtentry.o
        12          0          0          0          0          0   __rtentry2.o
         6          0          0          0          0          0   __rtentry4.o
        52          8          0          0          0          0   __scatter.o
        26          0          0          0          0          0   __scatter_copy.o
        28          0          0          0          0          0   __scatter_zi.o
         6          0          0          0          0          0   _printf_a.o
         6          0          0          0          0          0   _printf_c.o
        44          0          0          0          0        108   _printf_char.o
        48          6          0          0          0         96   _printf_char_common.o
        36          4          0          0          0         80   _printf_char_file.o
        40          0          0          0          0         68   _printf_charcount.o
         6          0          0          0          0          0   _printf_d.o
       120         16          0          0          0         92   _printf_dec.o
         6          0          0          0          0          0   _printf_e.o
         6          0          0          0          0          0   _printf_f.o
      1054          0          0          0          0        216   _printf_fp_dec.o
       764          8         38          0          0        100   _printf_fp_hex.o
       128         16          0          0          0         84   _printf_fp_infnan.o
         6          0          0          0          0          0   _printf_g.o
       148          4         40          0          0        160   _printf_hex_int_ll_ptr.o
         6          0          0          0          0          0   _printf_i.o
       178          0          0          0          0         88   _printf_intcommon.o
        10          0          0          0          0          0   _printf_l.o
         6          0          0          0          0          0   _printf_lc.o
        10          0          0          0          0          0   _printf_ll.o
         6          0          0          0          0          0   _printf_lld.o
         6          0          0          0          0          0   _printf_lli.o
         6          0          0          0          0          0   _printf_llo.o
         6          0          0          0          0          0   _printf_llu.o
         6          0          0          0          0          0   _printf_llx.o
       124         16          0          0          0         92   _printf_longlong_dec.o
         6          0          0          0          0          0   _printf_ls.o
         6          0          0          0          0          0   _printf_n.o
         6          0          0          0          0          0   _printf_o.o
       112         10          0          0          0        124   _printf_oct_int_ll.o
         6          0          0          0          0          0   _printf_p.o
        78          0          0          0          0        108   _printf_pad.o
         0          0          0          0          0          0   _printf_percent.o
         4          0          0          0          0          0   _printf_percent_end.o
         6          0          0          0          0          0   _printf_s.o
        82          0          0          0          0         80   _printf_str.o
        36          0          0          0          0         84   _printf_truncate.o
         6          0          0          0          0          0   _printf_u.o
        44          0          0          0          0        108   _printf_wchar.o
       188          6          8          0          0         92   _printf_wctomb.o
         6          0          0          0          0          0   _printf_x.o
        10          0          0          0          0         68   _sputc.o
        64          0          0          0          0         92   _wcrtomb.o
       228          4        148          0          0         96   bigflt0.o
      1936        128          0          0          0        672   btod.o
        10          0          0          0          0         68   defsig_exit.o
        50          0          0          0          0         88   defsig_general.o
        80         58          0          0          0         76   defsig_rtmem_inner.o
        14          0          0          0          0         80   defsig_rtmem_outer.o
        52         38          0          0          0         76   defsig_rtred_inner.o
        14          0          0          0          0         80   defsig_rtred_outer.o
        18          0          0          0          0         80   exit.o
        76          0          0          0          0         88   fclose.o
         8          0          0          0          0         68   ferror.o
       470          0          0          0          0         88   flsbuf.o
       236          4          0          0          0        128   fopen.o
        20          0          0          0          0         84   fprintf.o
        26          0          0          0          0         68   fputc.o
       248          6          0          0          0         84   fseek.o
        66          0          0          0          0         76   ftell.o
        94          0          0          0          0         80   h1_alloc.o
        52          0          0          0          0         68   h1_extend.o
        78          0          0          0          0         80   h1_free.o
        14          0          0          0          0         84   h1_init.o
         6          0          0          0          0        152   heapauxi.o
         4          0          0          0          0        136   hguard.o
         0          0          0          0          0          0   indicate_semi.o
       138          0          0          0          0        168   init_alloc.o
       312         46          0          0          0        112   initio.o
        44         10        272          0          0         76   lc_ctype_c.o
        44         10         28          0          0         76   lc_numeric_c.o
         2          0          0          0          0          0   libinit.o
        46          0          0          0          0          0   libinit2.o
         2          0          0          0          0          0   libshutdown.o
         6          0          0          0          0          0   libshutdown2.o
         8          4          0          0         96         68   libspace.o
       138          0          0          0          0         80   lludiv10.o
         0          0          0          0          0          0   maybetermalloc1.o
        60         18          0          0          0         80   perror.o
        16          4          0          0          0         76   rt_ctype_table.o
         8          4          0          0          0         68   rt_errno_addr_intlibspace.o
         8          4          0          0          0         68   rt_heap_descriptor_intlibspace.o
         8          4          0          0          0         68   rt_locale_intlibspace.o
        78          0          0          0          0         80   rt_memclr_w.o
         2          0          0          0          0          0   rtexit.o
        10          0          0          0          0          0   rtexit2.o
        70          0          0          0          0         80   setvbuf.o
       240          6          0          0          0        156   stdio.o
         0          0          0         12        252          0   stdio_streams.o
       128          0          0          0          0         68   strcmpv7m.o
       264        228          0          0          0         68   strerror.o
        62          0          0          0          0         76   strlen.o
        12          4          0          0          0         68   sys_exit.o
       102          0         12          0          0        240   sys_io.o
        74          0          0          0          0         80   sys_stackheap_outer.o
        14          0          0          0          0         76   sys_wrch.o
         2          0          0          0          0         68   use_no_semi.o
        98          4          0          0          0        140   d2f.o
        38          0          0          0          0        116   dflt_clz.o
       340         12          0          0          0        152   dmul.o
       156          4          0          0          0        140   dnaninf.o
        12          0          0          0          0        116   dretinf.o
        86          4          0          0          0        132   f2d.o
       140          4          0          0          0        132   fnaninf.o
        10          0          0          0          0        116   fpinit.o
        10          0          0          0          0        116   fretinf.o
         4          0          0          0          0        116   printf1.o
         4          0          0          0          0        116   printf2.o
         0          0          0          0          0          0   usenofp.o
        48          0          0          0          0        124   fpclassify.o

    ----------------------------------------------------------------------
     10686        712        566         12        348       8368   Library Totals
        18          0          3          0          0          0   (incl. Padding)

    ----------------------------------------------------------------------

      Code (inc. data)   RO Data    RW Data    ZI Data      Debug   Library Name

      9722        684        563         12        348       6852   c_w.l
       898         28          0          0          0       1392   fz_wm.l
        48          0          0          0          0        124   m_wm.l

    ----------------------------------------------------------------------
     10686        712        566         12        348       8368   Library Totals

    ----------------------------------------------------------------------

==============================================================================


      Code (inc. data)   RO Data    RW Data    ZI Data      Debug   

     11942        930        990         12       1884     568700   Grand Totals
     11942        930        990         12       1884     568700   ELF Image Totals
     11942        930        990         12          0          0   ROM Totals

==============================================================================

    Total RO  Size (Code + RO Data)                12932 (  12.63kB)
    Total RW  Size (RW Data + ZI Data)              1896 (   1.85kB)
    Total ROM Size (Code + RO Data + RW Data)      12944 (  12.64kB)

==============================================================================

